errors:
- 'Failed to run `VM::deploy for program basic_math.aleo: Invalid operand types for the ''add'' instruction'
outputs: []
