- execute:
    mapping_operations.aleo/empty_remove:
      outputs: []
      finalize:
      - 10u8
    credits.aleo/fee:
      outputs:
      - '{"type":"record","id":"3595581324200113711546980519691060985533942630271753867129230654862786955815field","checksum":"6627958013452777660518063113155105940763184265322155789026456336243469210679field","value":"record1qyqsp6fj788s8z6gl2whhl7p2d2czd8xsytaj9u7gx825kvexpgnkjgdqyxx66trwfhkxun9v35hguerqqpqzqpd836afe7zu5pj75f00qkehtsn7tx4mzad3pj9ptmcka8cen5azpsst738xkw3t4lwtt5m720yexel72sswc0quwc5vq50pyn8qqe3qu74xfg"}'
      finalize: []
  speculate: the execution was accepted
  add_next_block: succeeded.
- execute:
    mapping_operations.aleo/insert_contains_remove:
      outputs: []
      finalize:
      - 0u8
      - 0u8
    credits.aleo/fee:
      outputs:
      - '{"type":"record","id":"2383958660060578707851882616688457546283044467181912191717413816086957041941field","checksum":"6509080789581632822689203487179607059515138588084118997870796241640857623030field","value":"record1qyqsqqtemk753t2ry64rhnqcueyzs2txff45nzqhmwx6k43spzkzgrg3qyxx66trwfhkxun9v35hguerqqpqzqqff56akx8ydhmxmurwaa2mtde28hgzak6jy7tp748kg2p4wrzzq2u7lx0jgy6fj8a5yull6fdtfgwg8r9apzl3rxtq9clszprwlvys7dzhp5s"}'
      finalize: []
  speculate: the execution was accepted
  add_next_block: succeeded.
- execute:
    mapping_operations.aleo/insert_contains_remove:
      outputs: []
      finalize:
      - 0u8
      - 0u8
    credits.aleo/fee:
      outputs:
      - '{"type":"record","id":"7989042956875453061983602270580329637170362428478209012692393827647514152423field","checksum":"3230959929979092404646774581993381648439316703946807859658976669556080425866field","value":"record1qyqsqfgtglkhz33qyrt7z5ldahgk04mxu673m5kckyw8mm0kvwn09qc8qyxx66trwfhkxun9v35hguerqqpqzqrptyzx7dgkzrzd5ddv5thwpe3dw3yusa6ux692vpfpclkt29a4phtu99nre692yp54j8t9dk9472yam6jvf6vpncdy003wsttg6pnqx32p2z4"}'
      finalize: []
  speculate: the execution was accepted
  add_next_block: succeeded.
- execute:
    mapping_operations.aleo/insert_contains_remove:
      outputs: []
      finalize:
      - 0u8
      - 1u8
    credits.aleo/fee:
      outputs:
      - '{"type":"record","id":"7076919319640639285872392190078063907866760086677060901635705634740518711915field","checksum":"204967155536470463344841137609953597643413155649876973446349551527481227535field","value":"record1qyqspmh5pazdqxcugw6axf5m5cnr5wf5vl92un502ta60l8da3kjnxssqyxx66trwfhkxun9v35hguerqqpqzq9pyucy7clg6k30g0ejwlefcmv8g3z60rwcacwc8fr5z06kju7mpechaeckn29l660hs8zdx7ten6ckqerwvgcrvfne0shh7a00nu8sj4c6q0k"}'
      finalize: []
  speculate: the execution was accepted
  add_next_block: succeeded.
