- execute:
    mint_and_split.aleo/mint:
      outputs:
      - '{"type":"record","id":"5142133211898446366078772737748089669645649688326055559714785959013546736299field","checksum":"5088952368988557608485404199405244797571222270606548607811998038372063869556field","value":"record1qyqspeqnrlsz7t8fk8vzhee4htq3jsldytg26hg7vpwsf43vef9czpsgqyxx66trwfhkxun9v35hguerqqpqzqpw22krrfqla27s7vs5g6hf7xpy787xawzl9n8t5gfy4tth45mxph9xmwyl80r0zaj4z2u6cme8ujzqejrcsdn95333t8hvzpvy4a2qqte42ya"}'
      finalize: []
    credits.aleo/fee:
      outputs:
      - '{"type":"record","id":"3809383602283120733697234413285621335674857283111730682361358137318083952133field","checksum":"7640239696954274436906141999898565654233580936791234385708196250387006225738field","value":"record1qyqsp7he9d7m9k96r68sq0j2ww0k3jrve0pl3xjhnkjkwee6e68ec3s9qyxx66trwfhkxun9v35hguerqqpqzqynzn0ynl6pjv7ddh894jjmfgsrew0mx46d6qqfkgxegn097xyyqjqsd8kmwq6quzlmek0dgyrm0n03j8tlw55kz3mnquumucqqfm8syx08h4z"}'
      finalize: []
  speculate: '`speculate` succeeded.'
  finalize: '`finalize` succeeded.'
- execute: Commitment '1266307482263846358970326041806201638141701138269282465033372005968041137990field' does not exist
- execute: Input record for 'mint_and_split.aleo' must belong to the signer
