Failed to parse program: Failed to parse string. Parsing Error: VerboseError { errors: [("\n", Nom(MapRes)), ("\n\nfunction compute:\n    finalize;\n\nfinalize compute:\n    position foo;\n    position foo;\n", Nom(Alt)), ("\n\nfunction compute:\n    finalize;\n\nfinalize compute:\n    position foo;\n    position foo;\n", Nom(Many1))] }