Failed to parse program: Failed to parse string. Parsing Error: VerboseError { errors: [("", Nom(MapRes))] }