Failed to parse string. Remaining invalid string is: "output r2 as u32.private;
"