Failed to parse program: Failed to parse string. Parsing Error: VerboseError { errors: [("\n", Nom(MapRes)), ("\n\nfunction foo:\n    finalize;\n\nfinalize foo:\n    position one;\n    position two;\n    position three;\n    position four;\n    position five;\n    position six;\n    position seven;\n    position eight;\n    position nine;\n    position ten;\n    position eleven;\n    position twelve;\n    position thirteen;\n    position fourteen;\n    position fifteen;\n    position sixteen;\n    position seventeen;\n    position eighteen;\n    position nineteen;\n    position twenty;\n    position twenty_one;\n    position twenty_two;\n    position twenty_three;\n    position twenty_four;\n    position twenty_five;\n    position twenty_six;\n    position twenty_seven;\n    position twenty_eight;\n    position twenty_nine;\n    position thirty;\n    position thirty_one;\n    position thirty_two;\n    position thirty_three;\n    position thirty_four;\n    position thirty_five;\n    position thirty_six;\n    position thirty_seven;\n    position thirty_eight;\n    position thirty_nine;\n    position forty;\n    position forty_one;\n    position forty_two;\n    position forty_three;\n    position forty_four;\n    position forty_five;\n    position forty_six;\n    position forty_seven;\n    position forty_eight;\n    position forty_nine;\n    position fifty;\n    position fifty_one;\n    position fifty_two;\n    position fifty_three;\n    position fifty_four;\n    position fifty_five;\n    position fifty_six;\n    position fifty_seven;\n    position fifty_eight;\n    position fifty_nine;\n    position sixty;\n    position sixty_one;\n    position sixty_two;\n    position sixty_three;\n    position sixty_four;\n    position sixty_five;\n    position sixty_six;\n    position sixty_seven;\n    position sixty_eight;\n    position sixty_nine;\n    position seventy;\n    position seventy_one;\n    position seventy_two;\n    position seventy_three;\n    position seventy_four;\n    position seventy_five;\n    position seventy_six;\n    position seventy_seven;\n    position seventy_eight;\n    position seventy_nine;\n    position eighty;\n    position eighty_one;\n    position eighty_two;\n    position eighty_three;\n    position eighty_four;\n    position eighty_five;\n    position eighty_six;\n    position eighty_seven;\n    position eighty_eight;\n    position eighty_nine;\n    position ninety;\n    position ninety_one;\n    position ninety_two;\n    position ninety_three;\n    position ninety_four;\n    position ninety_five;\n    position ninety_six;\n    position ninety_seven;\n    position ninety_eight;\n    position ninety_nine;\n    position one_hundred;\n    position one_hundred_one;\n    position one_hundred_two;\n    position one_hundred_three;\n    position one_hundred_four;\n    position one_hundred_five;\n    position one_hundred_six;\n    position one_hundred_seven;\n    position one_hundred_eight;\n    position one_hundred_nine;\n    position one_hundred_ten;\n    position one_hundred_eleven;\n    position one_hundred_twelve;\n    position one_hundred_thirteen;\n    position one_hundred_fourteen;\n    position one_hundred_fifteen;\n    position one_hundred_sixteen;\n    position one_hundred_seventeen;\n    position one_hundred_eighteen;\n    position one_hundred_nineteen;\n    position one_hundred_twenty;\n    position one_hundred_twenty_one;\n    position one_hundred_twenty_two;\n    position one_hundred_twenty_three;\n    position one_hundred_twenty_four;\n    position one_hundred_twenty_five;\n    position one_hundred_twenty_six;\n    position one_hundred_twenty_seven;\n    position one_hundred_twenty_eight;\n    position one_hundred_twenty_nine;\n    position one_hundred_thirty;\n    position one_hundred_thirty_one;\n    position one_hundred_thirty_two;\n    position one_hundred_thirty_three;\n    position one_hundred_thirty_four;\n    position one_hundred_thirty_five;\n    position one_hundred_thirty_six;\n    position one_hundred_thirty_seven;\n    position one_hundred_thirty_eight;\n    position one_hundred_thirty_nine;\n    position one_hundred_forty;\n    position one_hundred_forty_one;\n    position one_hundred_forty_two;\n    position one_hundred_forty_three;\n    position one_hundred_forty_four;\n    position one_hundred_forty_five;\n    position one_hundred_forty_six;\n    position one_hundred_forty_seven;\n    position one_hundred_forty_eight;\n    position one_hundred_forty_nine;\n    position one_hundred_fifty;\n    position one_hundred_fifty_one;\n    position one_hundred_fifty_two;\n    position one_hundred_fifty_three;\n    position one_hundred_fifty_four;\n    position one_hundred_fifty_five;\n    position one_hundred_fifty_six;\n    position one_hundred_fifty_seven;\n    position one_hundred_fifty_eight;\n    position one_hundred_fifty_nine;\n    position one_hundred_sixty;\n    position one_hundred_sixty_one;\n    position one_hundred_sixty_two;\n    position one_hundred_sixty_three;\n    position one_hundred_sixty_four;\n    position one_hundred_sixty_five;\n    position one_hundred_sixty_six;\n    position one_hundred_sixty_seven;\n    position one_hundred_sixty_eight;\n    position one_hundred_sixty_nine;\n    position one_hundred_seventy;\n    position one_hundred_seventy_one;\n    position one_hundred_seventy_two;\n    position one_hundred_seventy_three;\n    position one_hundred_seventy_four;\n    position one_hundred_seventy_five;\n    position one_hundred_seventy_six;\n    position one_hundred_seventy_seven;\n    position one_hundred_seventy_eight;\n    position one_hundred_seventy_nine;\n    position one_hundred_eighty;\n    position one_hundred_eighty_one;\n    position one_hundred_eighty_two;\n    position one_hundred_eighty_three;\n    position one_hundred_eighty_four;\n    position one_hundred_eighty_five;\n    position one_hundred_eighty_six;\n    position one_hundred_eighty_seven;\n    position one_hundred_eighty_eight;\n    position one_hundred_eighty_nine;\n    position one_hundred_ninety;\n    position one_hundred_ninety_one;\n    position one_hundred_ninety_two;\n    position one_hundred_ninety_three;\n    position one_hundred_ninety_four;\n    position one_hundred_ninety_five;\n    position one_hundred_ninety_six;\n    position one_hundred_ninety_seven;\n    position one_hundred_ninety_eight;\n    position one_hundred_ninety_nine;\n    position two_hundred;\n    position two_hundred_one;\n    position two_hundred_two;\n    position two_hundred_three;\n    position two_hundred_four;\n    position two_hundred_five;\n    position two_hundred_six;\n    position two_hundred_seven;\n    position two_hundred_eight;\n    position two_hundred_nine;\n    position two_hundred_ten;\n    position two_hundred_eleven;\n    position two_hundred_twelve;\n    position two_hundred_thirteen;\n    position two_hundred_fourteen;\n    position two_hundred_fifteen;\n    position two_hundred_sixteen;\n    position two_hundred_seventeen;\n    position two_hundred_eighteen;\n    position two_hundred_nineteen;\n    position two_hundred_twenty;\n    position two_hundred_twenty_one;\n    position two_hundred_twenty_two;\n    position two_hundred_twenty_three;\n    position two_hundred_twenty_four;\n    position two_hundred_twenty_five;\n    position two_hundred_twenty_six;\n    position two_hundred_twenty_seven;\n    position two_hundred_twenty_eight;\n    position two_hundred_twenty_nine;\n    position two_hundred_thirty;\n    position two_hundred_thirty_one;\n    position two_hundred_thirty_two;\n    position two_hundred_thirty_three;\n    position two_hundred_thirty_four;\n    position two_hundred_thirty_five;\n    position two_hundred_thirty_six;\n    position two_hundred_thirty_seven;\n    position two_hundred_thirty_eight;\n    position two_hundred_thirty_nine;\n    position two_hundred_forty;\n    position two_hundred_forty_one;\n    position two_hundred_forty_two;\n    position two_hundred_forty_three;\n    position two_hundred_forty_four;\n    position two_hundred_forty_five;\n    position two_hundred_forty_six;\n    position two_hundred_forty_seven;\n    position two_hundred_forty_eight;\n    position two_hundred_forty_nine;\n    position two_hundred_fifty;\n    position two_hundred_fifty_one;\n    position two_hundred_fifty_two;\n    position two_hundred_fifty_three;\n    position two_hundred_fifty_four;\n    position two_hundred_fifty_five;\n    position two_hundred_fifty_six;\n", Nom(Alt)), ("\n\nfunction foo:\n    finalize;\n\nfinalize foo:\n    position one;\n    position two;\n    position three;\n    position four;\n    position five;\n    position six;\n    position seven;\n    position eight;\n    position nine;\n    position ten;\n    position eleven;\n    position twelve;\n    position thirteen;\n    position fourteen;\n    position fifteen;\n    position sixteen;\n    position seventeen;\n    position eighteen;\n    position nineteen;\n    position twenty;\n    position twenty_one;\n    position twenty_two;\n    position twenty_three;\n    position twenty_four;\n    position twenty_five;\n    position twenty_six;\n    position twenty_seven;\n    position twenty_eight;\n    position twenty_nine;\n    position thirty;\n    position thirty_one;\n    position thirty_two;\n    position thirty_three;\n    position thirty_four;\n    position thirty_five;\n    position thirty_six;\n    position thirty_seven;\n    position thirty_eight;\n    position thirty_nine;\n    position forty;\n    position forty_one;\n    position forty_two;\n    position forty_three;\n    position forty_four;\n    position forty_five;\n    position forty_six;\n    position forty_seven;\n    position forty_eight;\n    position forty_nine;\n    position fifty;\n    position fifty_one;\n    position fifty_two;\n    position fifty_three;\n    position fifty_four;\n    position fifty_five;\n    position fifty_six;\n    position fifty_seven;\n    position fifty_eight;\n    position fifty_nine;\n    position sixty;\n    position sixty_one;\n    position sixty_two;\n    position sixty_three;\n    position sixty_four;\n    position sixty_five;\n    position sixty_six;\n    position sixty_seven;\n    position sixty_eight;\n    position sixty_nine;\n    position seventy;\n    position seventy_one;\n    position seventy_two;\n    position seventy_three;\n    position seventy_four;\n    position seventy_five;\n    position seventy_six;\n    position seventy_seven;\n    position seventy_eight;\n    position seventy_nine;\n    position eighty;\n    position eighty_one;\n    position eighty_two;\n    position eighty_three;\n    position eighty_four;\n    position eighty_five;\n    position eighty_six;\n    position eighty_seven;\n    position eighty_eight;\n    position eighty_nine;\n    position ninety;\n    position ninety_one;\n    position ninety_two;\n    position ninety_three;\n    position ninety_four;\n    position ninety_five;\n    position ninety_six;\n    position ninety_seven;\n    position ninety_eight;\n    position ninety_nine;\n    position one_hundred;\n    position one_hundred_one;\n    position one_hundred_two;\n    position one_hundred_three;\n    position one_hundred_four;\n    position one_hundred_five;\n    position one_hundred_six;\n    position one_hundred_seven;\n    position one_hundred_eight;\n    position one_hundred_nine;\n    position one_hundred_ten;\n    position one_hundred_eleven;\n    position one_hundred_twelve;\n    position one_hundred_thirteen;\n    position one_hundred_fourteen;\n    position one_hundred_fifteen;\n    position one_hundred_sixteen;\n    position one_hundred_seventeen;\n    position one_hundred_eighteen;\n    position one_hundred_nineteen;\n    position one_hundred_twenty;\n    position one_hundred_twenty_one;\n    position one_hundred_twenty_two;\n    position one_hundred_twenty_three;\n    position one_hundred_twenty_four;\n    position one_hundred_twenty_five;\n    position one_hundred_twenty_six;\n    position one_hundred_twenty_seven;\n    position one_hundred_twenty_eight;\n    position one_hundred_twenty_nine;\n    position one_hundred_thirty;\n    position one_hundred_thirty_one;\n    position one_hundred_thirty_two;\n    position one_hundred_thirty_three;\n    position one_hundred_thirty_four;\n    position one_hundred_thirty_five;\n    position one_hundred_thirty_six;\n    position one_hundred_thirty_seven;\n    position one_hundred_thirty_eight;\n    position one_hundred_thirty_nine;\n    position one_hundred_forty;\n    position one_hundred_forty_one;\n    position one_hundred_forty_two;\n    position one_hundred_forty_three;\n    position one_hundred_forty_four;\n    position one_hundred_forty_five;\n    position one_hundred_forty_six;\n    position one_hundred_forty_seven;\n    position one_hundred_forty_eight;\n    position one_hundred_forty_nine;\n    position one_hundred_fifty;\n    position one_hundred_fifty_one;\n    position one_hundred_fifty_two;\n    position one_hundred_fifty_three;\n    position one_hundred_fifty_four;\n    position one_hundred_fifty_five;\n    position one_hundred_fifty_six;\n    position one_hundred_fifty_seven;\n    position one_hundred_fifty_eight;\n    position one_hundred_fifty_nine;\n    position one_hundred_sixty;\n    position one_hundred_sixty_one;\n    position one_hundred_sixty_two;\n    position one_hundred_sixty_three;\n    position one_hundred_sixty_four;\n    position one_hundred_sixty_five;\n    position one_hundred_sixty_six;\n    position one_hundred_sixty_seven;\n    position one_hundred_sixty_eight;\n    position one_hundred_sixty_nine;\n    position one_hundred_seventy;\n    position one_hundred_seventy_one;\n    position one_hundred_seventy_two;\n    position one_hundred_seventy_three;\n    position one_hundred_seventy_four;\n    position one_hundred_seventy_five;\n    position one_hundred_seventy_six;\n    position one_hundred_seventy_seven;\n    position one_hundred_seventy_eight;\n    position one_hundred_seventy_nine;\n    position one_hundred_eighty;\n    position one_hundred_eighty_one;\n    position one_hundred_eighty_two;\n    position one_hundred_eighty_three;\n    position one_hundred_eighty_four;\n    position one_hundred_eighty_five;\n    position one_hundred_eighty_six;\n    position one_hundred_eighty_seven;\n    position one_hundred_eighty_eight;\n    position one_hundred_eighty_nine;\n    position one_hundred_ninety;\n    position one_hundred_ninety_one;\n    position one_hundred_ninety_two;\n    position one_hundred_ninety_three;\n    position one_hundred_ninety_four;\n    position one_hundred_ninety_five;\n    position one_hundred_ninety_six;\n    position one_hundred_ninety_seven;\n    position one_hundred_ninety_eight;\n    position one_hundred_ninety_nine;\n    position two_hundred;\n    position two_hundred_one;\n    position two_hundred_two;\n    position two_hundred_three;\n    position two_hundred_four;\n    position two_hundred_five;\n    position two_hundred_six;\n    position two_hundred_seven;\n    position two_hundred_eight;\n    position two_hundred_nine;\n    position two_hundred_ten;\n    position two_hundred_eleven;\n    position two_hundred_twelve;\n    position two_hundred_thirteen;\n    position two_hundred_fourteen;\n    position two_hundred_fifteen;\n    position two_hundred_sixteen;\n    position two_hundred_seventeen;\n    position two_hundred_eighteen;\n    position two_hundred_nineteen;\n    position two_hundred_twenty;\n    position two_hundred_twenty_one;\n    position two_hundred_twenty_two;\n    position two_hundred_twenty_three;\n    position two_hundred_twenty_four;\n    position two_hundred_twenty_five;\n    position two_hundred_twenty_six;\n    position two_hundred_twenty_seven;\n    position two_hundred_twenty_eight;\n    position two_hundred_twenty_nine;\n    position two_hundred_thirty;\n    position two_hundred_thirty_one;\n    position two_hundred_thirty_two;\n    position two_hundred_thirty_three;\n    position two_hundred_thirty_four;\n    position two_hundred_thirty_five;\n    position two_hundred_thirty_six;\n    position two_hundred_thirty_seven;\n    position two_hundred_thirty_eight;\n    position two_hundred_thirty_nine;\n    position two_hundred_forty;\n    position two_hundred_forty_one;\n    position two_hundred_forty_two;\n    position two_hundred_forty_three;\n    position two_hundred_forty_four;\n    position two_hundred_forty_five;\n    position two_hundred_forty_six;\n    position two_hundred_forty_seven;\n    position two_hundred_forty_eight;\n    position two_hundred_forty_nine;\n    position two_hundred_fifty;\n    position two_hundred_fifty_one;\n    position two_hundred_fifty_two;\n    position two_hundred_fifty_three;\n    position two_hundred_fifty_four;\n    position two_hundred_fifty_five;\n    position two_hundred_fifty_six;\n", Nom(Many1))] }