- - |-
    {
      owner: aleo1j2hfs6yru47h2nvsjdefwtw6nwaj0y4zcl02juyy29txm7nt6y9qln7uhp.private,
      microcredits: 100u64.private,
      _nonce: 1813950554783658637606574113373649358633654664158961122663183349399814342064group.public
    }
- - |-
    {
      owner: aleo1j2hfs6yru47h2nvsjdefwtw6nwaj0y4zcl02juyy29txm7nt6y9qln7uhp.private,
      microcredits: 50u64.private,
      _nonce: 6697573578252224130760802721828817645635064955425012266449207961415823671584group.public
    }
  - |-
    {
      owner: aleo1j2hfs6yru47h2nvsjdefwtw6nwaj0y4zcl02juyy29txm7nt6y9qln7uhp.private,
      microcredits: 50u64.private,
      _nonce: 1934010419170189618788494556114317443625926726858803523368268025659981886589group.public
    }
