- Parsed command successfully.
- Parsed command successfully.
- Parsed command successfully.
- Parsed command successfully.
- Parsed command successfully.
- Parsed command successfully.
- Parsed command successfully.
- Parsed command successfully.
- Parsed command successfully.
- Parsed command successfully.
- Parsed command successfully.
- Parsed command successfully.
- Parsed command successfully.
- Parsed command successfully.
- Parsed command successfully.
