- 'Failed to parse command: Failed to parse string. Parsing Error: VerboseError { errors: [("branch.lt r0 r1 to nowhere;", Nom(Tag)), ("branch.lt r0 r1 to nowhere;", Nom(Alt)), ("branch.lt r0 r1 to nowhere;", Nom(Alt))] }'
- 'Failed to parse command: Failed to parse string. Parsing Error: VerboseError { errors: [("branch_eq r0 r1 to somewhere;", Nom(Tag)), ("branch_eq r0 r1 to somewhere;", Nom(Alt)), ("branch_eq r0 r1 to somewhere;", Nom(Alt))] }'
- 'Failed to parse command: Failed to parse string. Parsing Error: VerboseError { errors: [("contains map [r0] into r1;", Nom(Tag)), ("contains map [r0] into r1;", Nom(Alt)), ("contains map [r0] into r1;", Nom(Alt))] }'
- 'Failed to parse command: Failed to parse string. Parsing Error: VerboseError { errors: [("contain map[r0] into r1;", Nom(Tag)), ("contain map[r0] into r1;", Nom(Alt)), ("contain map[r0] into r1;", Nom(Alt))] }'
- 'Failed to parse command: Failed to parse string. Parsing Error: VerboseError { errors: [("contain map[r0] into true;", Nom(Tag)), ("contain map[r0] into true;", Nom(Alt)), ("contain map[r0] into true;", Nom(Alt))] }'
- 'Failed to parse command: Failed to parse string. Parsing Error: VerboseError { errors: [("delete map[r0];", Nom(Tag)), ("delete map[r0];", Nom(Alt)), ("delete map[r0];", Nom(Alt))] }'
- 'Failed to parse command: Failed to parse string. Parsing Error: VerboseError { errors: [("get map [r0] into r1;", Nom(Tag)), ("get map [r0] into r1;", Nom(Alt)), ("get map [r0] into r1;", Nom(Alt))] }'
- 'Failed to parse command: Failed to parse string. Parsing Error: VerboseError { errors: [("get_or_use tokens[r0] 0u8 into r1;", Nom(Tag)), ("get_or_use tokens[r0] 0u8 into r1;", Nom(Alt)), ("get_or_use tokens[r0] 0u8 into r1;", Nom(Alt))] }'
- 'Failed to parse command: Failed to parse string. Parsing Error: VerboseError { errors: [("get.or.use tokens[r0] 0u8 into r1;", Nom(Tag)), ("get.or.use tokens[r0] 0u8 into r1;", Nom(Alt)), ("get.or.use tokens[r0] 0u8 into r1;", Nom(Alt))] }'
- 'Failed to parse command: Failed to parse string. Parsing Error: VerboseError { errors: [("label here;", Nom(Tag)), ("label here;", Nom(Alt)), ("label here;", Nom(Alt))] }'
- 'Failed to parse command: Failed to parse string. Parsing Error: VerboseError { errors: [("position 67field;", Nom(Tag)), ("position 67field;", Nom(Alt)), ("position 67field;", Nom(Alt))] }'
- 'Failed to parse command: Failed to parse string. Parsing Error: VerboseError { errors: [("put r0 map[r1];", Nom(Tag)), ("put r0 map[r1];", Nom(Alt)), ("put r0 map[r1];", Nom(Alt))] }'
- 'Failed to parse command: Failed to parse string. Parsing Error: VerboseError { errors: [("rand_chacha into r0 as group;", Nom(Tag)), ("rand_chacha into r0 as group;", Nom(Alt)), ("rand_chacha into r0 as group;", Nom(Alt))] }'
- 'Failed to parse command: Failed to parse string. Parsing Error: VerboseError { errors: [("rand.chacha into r0;", Nom(Tag)), ("rand.chacha into r0;", Nom(Alt)), ("rand.chacha into r0;", Nom(Alt))] }'
- 'Failed to parse command: Failed to parse string. Parsing Error: VerboseError { errors: [("random.chacha into r0 as address;", Nom(Tag)), ("random.chacha into r0 as address;", Nom(Alt)), ("random.chacha into r0 as address;", Nom(Alt))] }'
- 'Failed to parse command: Failed to parse string. Parsing Error: VerboseError { errors: [("set r0 map [r1];", Nom(Tag)), ("set r0 map [r1];", Nom(Alt)), ("set r0 map [r1];", Nom(Alt))] }'
- 'Failed to parse command: Failed to parse string. Parsing Error: VerboseError { errors: [("add_w 10scalar 20scalar into r30;", Nom(Tag)), ("add_w 10scalar 20scalar into r30;", Nom(Alt)), ("add_w 10scalar 20scalar into r30;", Nom(Alt))] }'
