- 'Failed to parse instruction: Failed to parse string. Parsing Error: VerboseError { errors: [("floo r0 r1 into r2;", Nom(Tag)), ("floo r0 r1 into r2;", Nom(Alt))] }'
- 'Failed to parse instruction: Failed to parse string. Parsing Error: VerboseError { errors: [("add s0 r1 into r3;", Nom(Tag)), ("add s0 r1 into r3;", Nom(Alt))] }'
- 'Failed to parse instruction: Failed to parse string. Parsing Error: VerboseError { errors: [("hash.bhp2048 r0 into r1 as field;", Nom(Tag)), ("hash.bhp2048 r0 into r1 as field;", Nom(Alt))] }'
- 'Failed to parse instruction: Failed to parse string. Parsing Error: VerboseError { errors: [("hash.pds2 r0 into r1 as field;", Nom(Tag)), ("hash.pds2 r0 into r1 as field;", Nom(Alt))] }'
- 'Failed to parse instruction: Failed to parse string. Parsing Error: VerboseError { errors: [("commit.ped128 r0 r1 into r2;", Nom(Tag)), ("commit.ped128 r0 r1 into r2;", Nom(Alt))] }'
- 'Failed to parse instruction: Failed to parse string. Parsing Error: VerboseError { errors: [("add_w r0 r1 into r2;", Nom(Tag)), ("add_w r0 r1 into r2;", Nom(Alt))] }'
- 'Failed to parse instruction: Failed to parse string. Parsing Error: VerboseError { errors: [("assert r0;", Nom(Tag)), ("assert r0;", Nom(Alt))] }'
- 'Failed to parse instruction: Failed to parse string. Parsing Error: VerboseError { errors: [("neg r0 into 3field;", Nom(Tag)), ("neg r0 into 3field;", Nom(Alt))] }'
- 'Failed to parse instruction: Failed to parse string. Parsing Error: VerboseError { errors: [("sign.verify sign069ju4e8s66unu25celqycvsv3k9chdyz4n4sy62tx6wxj0u25vqp58hgu9hwyqc63qzxvjwesf2wz0krcvvw9kd9x0rsk4lwqn2acqhp9v0pdkhx6gvkanuuwratqmxa3du7l43c05253hhed9eg6ppzzfnjt06fpzp6msekdjxd36smjltndmxjndvv9x2uecsgngcwsc2qkns4afd r1 r2 into r3;", Nom(Tag)), ("sign.verify sign069ju4e8s66unu25celqycvsv3k9chdyz4n4sy62tx6wxj0u25vqp58hgu9hwyqc63qzxvjwesf2wz0krcvvw9kd9x0rsk4lwqn2acqhp9v0pdkhx6gvkanuuwratqmxa3du7l43c05253hhed9eg6ppzzfnjt06fpzp6msekdjxd36smjltndmxjndvv9x2uecsgngcwsc2qkns4afd r1 r2 into r3;", Nom(Alt))] }'
