- 'Failed to parse instruction: Failed to parse string. Parsing Error: VerboseError { errors: [("assert.eq Self.caller self.caller;", Nom(Tag)), ("assert.eq Self.caller self.caller;", Nom(Alt))] }'
- 'Failed to parse instruction: Failed to parse string. Parsing Error: VerboseError { errors: [("assert.eq Self.callee self.caller;", Nom(Tag)), ("assert.eq Self.callee self.caller;", Nom(Alt))] }'
- 'Failed to parse instruction: Failed to parse string. Parsing Error: VerboseError { errors: [("assert.eq self_caller self.caller;", Nom(Tag)), ("assert.eq self_caller self.caller;", Nom(Alt))] }'
- 'Failed to parse instruction: Failed to parse string. Parsing Error: VerboseError { errors: [("assert.eq block_height block.height;", Nom(Tag)), ("assert.eq block_height block.height;", Nom(Alt))] }'
- 'Failed to parse instruction: Failed to parse string. Parsing Error: VerboseError { errors: [("assert.eq block.length block.height;", Nom(Tag)), ("assert.eq block.length block.height;", Nom(Alt))] }'
- 'Failed to parse instruction: Failed to parse string. Parsing Error: VerboseError { errors: [("assert.eq r_88 r101;", Nom(Tag)), ("assert.eq r_88 r101;", Nom(Alt))] }'
- 'Failed to parse instruction: Failed to parse string. Parsing Error: VerboseError { errors: [("assert.eq r88 r.101;", Nom(Tag)), ("assert.eq r88 r.101;", Nom(Alt))] }'
- 'Failed to parse instruction: Failed to parse string. Parsing Error: VerboseError { errors: [("assert.eq hello::aleo goodbye.aleo;", Nom(Tag)), ("assert.eq hello::aleo goodbye.aleo;", Nom(Alt))] }'
- 'Failed to parse instruction: Failed to parse string. Parsing Error: VerboseError { errors: [("assert.eq aleo2dg722m22fzpz6xjdrvl9tzu5t68zmypj5p74khlqcac0gvednygqxaax0j aleo1dg722m22fzpz6xjdrvl9tzu5t68zmypj5p74khlqcac0gvednygqxaax0j;", Nom(Tag)), ("assert.eq aleo2dg722m22fzpz6xjdrvl9tzu5t68zmypj5p74khlqcac0gvednygqxaax0j aleo1dg722m22fzpz6xjdrvl9tzu5t68zmypj5p74khlqcac0gvednygqxaax0j;", Nom(Alt))] }'
- 'Failed to parse instruction: Failed to parse string. Parsing Error: VerboseError { errors: [("assert.eq t false;", Nom(Tag)), ("assert.eq t false;", Nom(Alt))] }'
- 'Failed to parse instruction: Failed to parse string. Parsing Error: VerboseError { errors: [("assert.eq True false;", Nom(Tag)), ("assert.eq True false;", Nom(Alt))] }'
- 'Failed to parse instruction: Failed to parse string. Parsing Error: VerboseError { errors: [("assert.eq 1.field -2field;", Nom(Tag)), ("assert.eq 1.field -2field;", Nom(Alt))] }'
- 'Failed to parse instruction: Failed to parse string. Parsing Error: VerboseError { errors: [("assert.eq group::gen group::GEN;", Nom(Tag)), ("assert.eq group::gen group::GEN;", Nom(Alt))] }'
- 'Failed to parse instruction: Failed to parse string. Parsing Error: VerboseError { errors: [("assert.eq group::generator group::GEN;", Nom(Tag)), ("assert.eq group::generator group::GEN;", Nom(Alt))] }'
- 'Failed to parse instruction: Failed to parse string. Parsing Error: VerboseError { errors: [("assert.eq GROUP::gen group::GEN;", Nom(Tag)), ("assert.eq GROUP::gen group::GEN;", Nom(Alt))] }'
- 'Failed to parse instruction: Failed to parse string. Parsing Error: VerboseError { errors: [("assert.eq 1.scalar -2scalar;", Nom(Tag)), ("assert.eq 1.scalar -2scalar;", Nom(Alt))] }'
- 'Failed to parse instruction: Failed to parse string. Parsing Error: VerboseError { errors: [("assert.eq 1 2i8;", Nom(Tag)), ("assert.eq 1 2i8;", Nom(Alt))] }'
- 'Failed to parse instruction: Failed to parse string. Parsing Error: VerboseError { errors: [("assert.eq 100,000,000field 0field;", Nom(Tag)), ("assert.eq 100,000,000field 0field;", Nom(Alt))] }'
