- Parsed instruction successfully.
- Parsed instruction successfully.
- Parsed instruction successfully.
- Parsed instruction successfully.
- Parsed instruction successfully.
- Parsed instruction successfully.
- Parsed instruction successfully.
- Parsed instruction successfully.
- Parsed instruction successfully.
- Parsed instruction successfully.
- Parsed instruction successfully.
- Parsed instruction successfully.
- Parsed instruction successfully.
- Parsed instruction successfully.
- Parsed instruction successfully.
- Parsed instruction successfully.
- Parsed instruction successfully.
- Parsed instruction successfully.
- Parsed instruction successfully.
- Parsed instruction successfully.
