- - |-
    [
      0u8
    ]
  - |-
    [
      0u8,
      1u8
    ]
  - |-
    [
      0u8,
      1u8,
      2u8
    ]
