- - 0field
- - 9field
- - |-
    [
      1field,
      2field,
      0field,
      0field,
      1field,
      1field,
      0field,
      1field,
      1field
    ]
- - |-
    [
      15field,
      18field,
      21field,
      42field,
      54field,
      66field,
      69field,
      90field,
      111field
    ]
