[430880258510547293498955878432749658772712640247917521565517069504460623156, 4200473474457187423764559025311252880903424553691876396667558162214558273961, 661445282688702714353833492748236589095252619050348777778477928896317107273, 5175393828487391934966510003107270767899141347257027196219188699521911038989, 2122243699759976117567014203687023024763017215761771680281324936505463399457, 375703067937610614092324366598075959564740793008485371369026715321355794063, 3503617345868455471058115121882953107383505289696645564542071124216162786942]